[INFO] [launch]: All log files can be found below /home/shrey/.ros/log/2026-08-25-00-56-15-977769-shreyam2024-26051
[INFO] [launch]: Default logging verbosity is set to INFO
[INFO] [gazebo-1]: process started with pid [26054]
[INFO] [parameter_bridge-2]: process started with pid [26055]
[INFO] [software_mcu_stub-3]: process started with pid [26056]
[INFO] [state_estimator_node-4]: process started with pid [26058]
[INFO] [waypoint_follower_node-5]: process started with pid [26059]
[INFO] [collision_filter_node-6]: process started with pid [26060]
[INFO] [milestone_05a_evaluator-7]: process started with pid [26061]
[state_estimator_node-4] [INFO] [1787644576.889539912] [state_estimator_node]: wheel/IMU-only estimator publishing /hil/estimate/odom
[software_mcu_stub-3] [INFO] [1787644577.530969703] [software_mcu_stub]: temporary software MCU stub: radius=0.180 m separation=0.860 m kp=0.750 Nm/(rad/s) effort_limit=1.500 Nm rate=100.0 Hz
[collision_filter_node-6] [INFO] [1787644577.719548857] [collision_filter_node]: LiDAR safety filter ready; output=/hil/control/target_twist
[waypoint_follower_node-5] [INFO] [1787644577.892461684] [waypoint_follower_node]: waypoint follower ready; waiting for /hil/autonomy/start
[gazebo-1] [1;32m[Msg] [0m[1;32mGazebo Sim Server v[0m[1;32m8.11.0[0m[1;32m[0m
[gazebo-1] [1;32m[Msg] [0m[1;32mLoading SDF world file[[0m[1;32m/home/shrey/projects/HIL-Embedded-Autonomy-Platform/ros2_ws/install/hil_simulation/share/hil_simulation/worlds/baseline.sdf[0m[1;32m].[0m
[gazebo-1] [1;32m[Msg] [0m[1;32mServing entity system service on [[0m[1;32m/[0m[1;32mentity/system/add[0m[1;32m][0m[1;32m[0m
[gazebo-1] [1;32m[Msg] [0m[1;32mCreate[0m[1;32m service on [[0m[1;32m/world/baseline/create_multiple[0m[1;32m] (async)[0m[1;32m[0m
[gazebo-1] [1;32m[Msg] [0m[1;32mCreate[0m[1;32m service on [[0m[1;32m/world/baseline/create_multiple/blocking[0m[1;32m] (blocking)[0m[1;32m[0m
[gazebo-1] [1;32m[Msg] [0m[1;32mRemove[0m[1;32m service on [[0m[1;32m/world/baseline/remove[0m[1;32m] (async)[0m[1;32m[0m
[gazebo-1] [1;32m[Msg] [0m[1;32mRemove[0m[1;32m service on [[0m[1;32m/world/baseline/remove/blocking[0m[1;32m] (blocking)[0m[1;32m[0m
[gazebo-1] [1;32m[Msg] [0m[1;32mPose[0m[1;32m service on [[0m[1;32m/world/baseline/set_pose[0m[1;32m] (async)[0m[1;32m[0m
[gazebo-1] [1;32m[Msg] [0m[1;32mPose[0m[1;32m service on [[0m[1;32m/world/baseline/set_pose/blocking[0m[1;32m] (blocking)[0m[1;32m[0m
[gazebo-1] [1;32m[Msg] [0m[1;32mPose[0m[1;32m service on [[0m[1;32m/world/baseline/set_pose_vector[0m[1;32m] (async)[0m[1;32m[0m
[gazebo-1] [1;32m[Msg] [0m[1;32mPose[0m[1;32m service on [[0m[1;32m/world/baseline/set_pose_vector/blocking[0m[1;32m] (blocking)[0m[1;32m[0m
[gazebo-1] [1;32m[Msg] [0m[1;32mLight configuration[0m[1;32m service on [[0m[1;32m/world/baseline/light_config[0m[1;32m] (async)[0m[1;32m[0m
[gazebo-1] [1;32m[Msg] [0m[1;32mLight configuration[0m[1;32m service on [[0m[1;32m/world/baseline/light_config/blocking[0m[1;32m] (blocking)[0m[1;32m[0m
[gazebo-1] [1;32m[Msg] [0m[1;32mPhysics[0m[1;32m service on [[0m[1;32m/world/baseline/set_physics[0m[1;32m] (async)[0m[1;32m[0m
[gazebo-1] [1;32m[Msg] [0m[1;32mPhysics[0m[1;32m service on [[0m[1;32m/world/baseline/set_physics/blocking[0m[1;32m] (blocking)[0m[1;32m[0m
[gazebo-1] [1;32m[Msg] [0m[1;32mSphericalCoordinates[0m[1;32m service on [[0m[1;32m/world/baseline/set_spherical_coordinates[0m[1;32m] (async)[0m[1;32m[0m
[gazebo-1] [1;32m[Msg] [0m[1;32mSphericalCoordinates[0m[1;32m service on [[0m[1;32m/world/baseline/set_spherical_coordinates/blocking[0m[1;32m] (blocking)[0m[1;32m[0m
[gazebo-1] [1;32m[Msg] [0m[1;32mEnable collision[0m[1;32m service on [[0m[1;32m/world/baseline/enable_collision[0m[1;32m] (async)[0m[1;32m[0m
[gazebo-1] [1;32m[Msg] [0m[1;32mEnable collision[0m[1;32m service on [[0m[1;32m/world/baseline/enable_collision/blocking[0m[1;32m] (blocking)[0m[1;32m[0m
[gazebo-1] [1;32m[Msg] [0m[1;32mDisable collision[0m[1;32m service on [[0m[1;32m/world/baseline/disable_collision[0m[1;32m] (async)[0m[1;32m[0m
[gazebo-1] [1;32m[Msg] [0m[1;32mDisable collision[0m[1;32m service on [[0m[1;32m/world/baseline/disable_collision/blocking[0m[1;32m] (blocking)[0m[1;32m[0m
[gazebo-1] [1;32m[Msg] [0m[1;32mMaterial[0m[1;32m service on [[0m[1;32m/world/baseline/visual_config[0m[1;32m] (async)[0m[1;32m[0m
[gazebo-1] [1;32m[Msg] [0m[1;32mMaterial[0m[1;32m service on [[0m[1;32m/world/baseline/visual_config/blocking[0m[1;32m] (blocking)[0m[1;32m[0m
[gazebo-1] [1;32m[Msg] [0m[1;32mMaterial[0m[1;32m service on [[0m[1;32m/world/baseline/wheel_slip[0m[1;32m] (async)[0m[1;32m[0m
[gazebo-1] [1;32m[Msg] [0m[1;32mMaterial[0m[1;32m service on [[0m[1;32m/world/baseline/wheel_slip/blocking[0m[1;32m] (blocking)[0m[1;32m[0m
[gazebo-1] [1;32m[Msg] [0m[1;32mApplyJointForce subscribing to Double messages on [[0m[1;32m/model/hil_rover/joint/left_wheel_joint/cmd_force[0m[1;32m][0m[1;32m[0m
[gazebo-1] [1;32m[Msg] [0m[1;32mApplyJointForce subscribing to Double messages on [[0m[1;32m/model/hil_rover/joint/right_wheel_joint/cmd_force[0m[1;32m][0m[1;32m[0m
[gazebo-1] [1;32m[Msg] [0m[1;32mOdometryPublisher publishing odometry on [[0m[1;32m/hil/gz/ground_truth/odom[0m[1;32m][0m[1;32m[0m
[milestone_05a_evaluator-7] [INFO] [1787644578.924890211] [milestone_05a_evaluator]: evaluating scenario=open_square backend=software output=/home/shrey/projects/HIL-Embedded-Autonomy-Platform/results/milestone_05a/local/software_open_square_run_05.json
[parameter_bridge-2] [INFO] [1787644579.397994748] [milestone_05a_gz_bridge]: Creating GZ->ROS Bridge: [/clock (gz.msgs.Clock) -> /clock (rosgraph_msgs/msg/Clock)] (Lazy 0)
[parameter_bridge-2] [INFO] [1787644579.403366366] [milestone_05a_gz_bridge]: Creating GZ->ROS Bridge: [/hil/gz/wheel_states (gz.msgs.Model) -> /hil/sensors/wheel_states (sensor_msgs/msg/JointState)] (Lazy 0)
[parameter_bridge-2] [INFO] [1787644579.410066990] [milestone_05a_gz_bridge]: Creating GZ->ROS Bridge: [/hil/gz/imu (gz.msgs.IMU) -> /hil/sensors/imu (sensor_msgs/msg/Imu)] (Lazy 0)
[parameter_bridge-2] [INFO] [1787644579.415240923] [milestone_05a_gz_bridge]: Creating GZ->ROS Bridge: [/hil/gz/scan (gz.msgs.LaserScan) -> /hil/sensors/scan (sensor_msgs/msg/LaserScan)] (Lazy 0)
[parameter_bridge-2] [INFO] [1787644579.416991005] [milestone_05a_gz_bridge]: Creating GZ->ROS Bridge: [/hil/gz/ground_truth/odom (gz.msgs.Odometry) -> /hil/ground_truth/odom (nav_msgs/msg/Odometry)] (Lazy 0)
[parameter_bridge-2] [INFO] [1787644579.421491692] [milestone_05a_gz_bridge]: Creating ROS->GZ Bridge: [/hil/actuator/left_effort (std_msgs/msg/Float64) -> /model/hil_rover/joint/left_wheel_joint/cmd_force (gz.msgs.Double)] (Lazy 0)
[parameter_bridge-2] [INFO] [1787644579.423812143] [milestone_05a_gz_bridge]: Creating ROS->GZ Bridge: [/hil/actuator/right_effort (std_msgs/msg/Float64) -> /model/hil_rover/joint/right_wheel_joint/cmd_force (gz.msgs.Double)] (Lazy 0)
[parameter_bridge-2] [INFO] [1787644579.431871461] [milestone_05a_gz_bridge]: Passing message from ROS std_msgs/msg/Float64 to Gazebo gz.msgs.Double (showing msg only once per type)
[waypoint_follower_node-5] [INFO] [1787644582.403562074] [waypoint_follower_node]: autonomy start accepted
[milestone_05a_evaluator-7] [INFO] [1787644582.503700427] [milestone_05a_evaluator]: autonomy run started
[milestone_05a_evaluator-7] [INFO] [1787644630.763382320] [milestone_05a_evaluator]: MILESTONE 5A PASS: waypoint follower completed the open square
[milestone_05a_evaluator-7] [INFO] [1787644630.764900467] [milestone_05a_evaluator]: {"backend": "software", "metrics": {"autonomy_state_at_finish": "COMPLETE", "collision_state_at_finish": "CLEAR", "final_return_error_m": 0.11346056961816628, "max_estimate_truth_position_error_m": 0.06298151941460695, "max_raw_linear_speed_m_s": 0.24999999999163497, "max_target_linear_speed_m_s": 0.2499999999794437, "minimum_front_distance_m": 1.8169853687286377, "target_twist_zero_at_finish": true, "truth_progress_after_collision_stop_m": null, "truth_samples": 482}, "reason": "waypoint follower completed the open square", "scenario": "open_square", "schema": "hil.autonomy.milestone5a.scenario.v1", "status": "PASS", "uses_ground_truth_for_control": false}
[INFO] [milestone_05a_evaluator-7]: process has finished cleanly [pid 26061]
[INFO] [gz-8]: process started with pid [26302]
[gz-8] data: true
[gz-8] 
[INFO] [gz-8]: process has finished cleanly [pid 26302]
